node_modules/.pnpm/@apollo+client@4.1.0_graphq_c2ba422e855891760485e204b6739367/node_modules/@apollo/client/react/hooks/useMutation.d.ts(312,349): error TS2344: Type '{ [K in keyof TConfiguredVariables]: K extends keyof TVariables ? TConfiguredVariables[K] : never; }' does not satisfy the constraint 'Partial<NoInfer<TVariables>>'.
  Type 'P extends keyof TVariables ? TConfiguredVariables[P] : never' is not assignable to type 'NoInfer<TVariables>[P]'.
    Type 'keyof NoInfer<TVariables> extends keyof TVariables ? TConfiguredVariables[keyof NoInfer<TVariables>] : never' is not assignable to type 'NoInfer<TVariables>[P]'.
      Type '(string extends keyof TVariables ? TConfiguredVariables[keyof TVariables & string] : never) | (number extends keyof TVariables ? TConfiguredVariables[keyof TVariables & number] : never) | (symbol extends keyof TVariables ? TConfiguredVariables[keyof TVariables & symbol] : never)' is not assignable to type 'NoInfer<TVariables>[P]'.
        Type 'string extends keyof TVariables ? TConfiguredVariables[keyof TVariables & string] : never' is not assignable to type 'NoInfer<TVariables>[P]'.
          Type 'TConfiguredVariables[keyof TVariables & string]' is not assignable to type 'NoInfer<TVariables>[P]'.
            Type 'TConfiguredVariables' is not assignable to type 'NoInfer<TVariables>'.
              Type 'Partial<TVariables>' is not assignable to type 'NoInfer<TVariables>'.
                Type 'Partial<TVariables>' is not assignable to type 'TVariables'.
                  'Partial<TVariables>' is assignable to the constraint of type 'TVariables', but 'TVariables' could be instantiated with a different subtype of constraint 'OperationVariables'.
                    Type 'TConfiguredVariables' is not assignable to type 'TVariables'.
                      'TConfiguredVariables' is assignable to the constraint of type 'TVariables', but 'TVariables' could be instantiated with a different subtype of constraint 'OperationVariables'.
src/hooks/useActivity.ts(2,35): error TS2307: Cannot find module '@/gql/Activity' or its corresponding type declarations.
src/hooks/useActivity.ts(3,23): error TS2307: Cannot find module '@/hooks' or its corresponding type declarations.
src/hooks/useActivity.ts(4,24): error TS2307: Cannot find module '@/types' or its corresponding type declarations.
src/hooks/useActivity.ts(30,14): error TS2339: Property 'submissions' does not exist on type 'unknown'.
src/hooks/useActivity.ts(32,15): error TS2339: Property 'submissions' does not exist on type 'unknown'.
